
  .   ____          _            __ _ _
 /\\ / ___'_ __ _ _(_)_ __  __ _ \ \ \ \
( ( )\___ | '_ | '_| | '_ \/ _` | \ \ \ \
 \\/  ___)| |_)| | | | | || (_| |  ) ) ) )
  '  |____| .__|_| |_|_| |_\__, | / / / /
 =========|_|==============|___/=/_/_/_/

 :: Spring Boot ::                (v4.0.6)

2026-05-14T13:53:07.525+08:00  INFO 17480 --- [PDFOCR] [           main] org.caizx.pdfocr.PdfocrApplication       : Starting PdfocrApplication using Java 17 with PID 17480 (C:\Code\Java\PDFOCR\target\classes started by EMI in C:\Code\Java\PDFOCR)
2026-05-14T13:53:07.530+08:00  INFO 17480 --- [PDFOCR] [           main] org.caizx.pdfocr.PdfocrApplication       : No active profile set, falling back to 1 default profile: "default"
2026-05-14T13:53:08.649+08:00  INFO 17480 --- [PDFOCR] [           main] o.s.boot.tomcat.TomcatWebServer          : Tomcat initialized with port 8080 (http)
2026-05-14T13:53:08.661+08:00  INFO 17480 --- [PDFOCR] [           main] o.apache.catalina.core.StandardService   : Starting service [Tomcat]
2026-05-14T13:53:08.661+08:00  INFO 17480 --- [PDFOCR] [           main] o.apache.catalina.core.StandardEngine    : Starting Servlet engine: [Apache Tomcat/11.0.21]
2026-05-14T13:53:08.716+08:00  INFO 17480 --- [PDFOCR] [           main] b.w.c.s.WebApplicationContextInitializer : Root WebApplicationContext: initialization completed in 1135 ms
2026-05-14T13:53:08.940+08:00  WARN 17480 --- [PDFOCR] [           main] o.s.core.annotation.MergedAnnotation     : Failed to introspect meta-annotation @AutoConfiguration on class org.springframework.boot.webclient.autoconfigure.WebClientAutoConfiguration: java.lang.TypeNotPresentException: Type org.springframework.boot.http.codec.autoconfigure.CodecsAutoConfiguration not present
2026-05-14T13:53:10.951+08:00  INFO 17480 --- [PDFOCR] [           main] o.s.boot.tomcat.TomcatWebServer          : Tomcat started on port 8080 (http) with context path '/'
2026-05-14T13:53:10.961+08:00  INFO 17480 --- [PDFOCR] [           main] org.caizx.pdfocr.PdfocrApplication       : Started PdfocrApplication in 3.883 seconds (process running for 4.229)
2026-05-14T13:53:16.865+08:00  INFO 17480 --- [PDFOCR] [nio-8080-exec-1] o.a.c.c.C.[Tomcat].[localhost].[/]       : Initializing Spring DispatcherServlet 'dispatcherServlet'
2026-05-14T13:53:16.865+08:00  INFO 17480 --- [PDFOCR] [nio-8080-exec-1] o.s.web.servlet.DispatcherServlet        : Initializing Servlet 'dispatcherServlet'
2026-05-14T13:53:16.866+08:00  INFO 17480 --- [PDFOCR] [nio-8080-exec-1] o.s.web.servlet.DispatcherServlet        : Completed initialization in 1 ms
2026-05-14T13:53:16.990+08:00  INFO 17480 --- [PDFOCR] [pool-2-thread-1] o.c.p.service.impl.PdfSplitServiceImpl   : Source PDF saved: C:\Code\Java\PDFOCR\uploads\test.pdf
2026-05-14T13:53:19.161+08:00  INFO 17480 --- [PDFOCR] [pool-2-thread-1] o.c.p.service.impl.PdfSplitServiceImpl   : Saved page 1: test-1.pdf (552701 bytes)
2026-05-14T13:53:19.163+08:00  INFO 17480 --- [PDFOCR] [pool-2-thread-1] o.c.p.service.impl.PdfSplitServiceImpl   : Saved page 2: test-2.pdf (471742 bytes)
2026-05-14T13:53:19.165+08:00  INFO 17480 --- [PDFOCR] [pool-2-thread-1] o.c.p.service.impl.PdfSplitServiceImpl   : Saved page 3: test-3.pdf (316191 bytes)
2026-05-14T13:53:19.166+08:00  INFO 17480 --- [PDFOCR] [pool-2-thread-1] o.c.p.service.impl.PdfSplitServiceImpl   : Saved page 4: test-4.pdf (715961 bytes)
2026-05-14T13:53:19.167+08:00  INFO 17480 --- [PDFOCR] [pool-2-thread-1] o.c.p.service.impl.PdfSplitServiceImpl   : Saved page 5: test-5.pdf (352380 bytes)
2026-05-14T13:53:19.169+08:00  INFO 17480 --- [PDFOCR] [pool-2-thread-1] o.c.p.service.impl.PdfSplitServiceImpl   : Saved page 6: test-6.pdf (1425802 bytes)
2026-05-14T13:53:19.171+08:00  INFO 17480 --- [PDFOCR] [pool-2-thread-1] o.c.p.service.impl.PdfSplitServiceImpl   : Saved page 7: test-7.pdf (248247 bytes)
2026-05-14T13:53:19.173+08:00  INFO 17480 --- [PDFOCR] [pool-2-thread-1] o.c.p.service.impl.PdfSplitServiceImpl   : Saved page 8: test-8.pdf (1294631 bytes)
2026-05-14T13:53:19.174+08:00  INFO 17480 --- [PDFOCR] [pool-2-thread-1] o.c.p.service.impl.PdfSplitServiceImpl   : Saved page 9: test-9.pdf (231433 bytes)
2026-05-14T13:53:19.177+08:00  INFO 17480 --- [PDFOCR] [pool-2-thread-1] o.c.p.service.impl.PdfSplitServiceImpl   : Saved page 10: test-10.pdf (1838770 bytes)
2026-05-14T13:53:19.178+08:00  INFO 17480 --- [PDFOCR] [pool-2-thread-1] o.c.p.service.impl.PdfSplitServiceImpl   : Saved page 11: test-11.pdf (340307 bytes)
2026-05-14T13:53:19.180+08:00  INFO 17480 --- [PDFOCR] [pool-2-thread-1] o.c.p.service.impl.PdfSplitServiceImpl   : Saved page 12: test-12.pdf (1549325 bytes)
2026-05-14T13:53:19.181+08:00  INFO 17480 --- [PDFOCR] [pool-2-thread-1] o.c.p.service.impl.PdfSplitServiceImpl   : Saved page 13: test-13.pdf (272185 bytes)
2026-05-14T13:53:19.183+08:00  INFO 17480 --- [PDFOCR] [pool-2-thread-1] o.c.p.service.impl.PdfSplitServiceImpl   : Deleted source file: C:\Code\Java\PDFOCR\uploads\test.pdf
2026-05-14T13:53:19.183+08:00  INFO 17480 --- [PDFOCR] [pool-2-thread-1] o.c.p.s.impl.PipelineAnalyzeServiceImpl  : Async pipeline: 13 pages, threads=3, timeout=120s
2026-05-14T13:53:19.798+08:00  WARN 17480 --- [PDFOCR] [pool-2-thread-1] org.apache.fontbox.ttf.PostScriptTable   : No PostScript name data is provided for the font SansSerif
2026-05-14T13:53:47.709+08:00  INFO 17480 --- [PDFOCR] [onPool-worker-2] o.c.p.s.i.ComponentExtractionServiceImpl : Sending file to AI for component extraction: test-1.png, size=3561058 bytes, mime=image/png
2026-05-14T13:53:47.709+08:00  INFO 17480 --- [PDFOCR] [onPool-worker-1] o.c.p.s.i.ComponentExtractionServiceImpl : Sending file to AI for component extraction: test-2.png, size=1892723 bytes, mime=image/png
